// Jest Snapshot v1, https://goo.gl/fbAQLP

exports[`<Complete/> Render Complete Component 1`] = `
<div>
  <div
    class="mercury-cash__complete"
  >
    <h3
      class="mercury-cash__title mercury-cash__title--big"
    >
      completed
    </h3>
    <img
      alt=""
      src="done.png"
    />
    <h3
      class="mercury-cash__title mercury-cash__title--big"
    >
      thankYou
       
      <span>
        forPaying
      </span>
    </h3>
    <svg>
      logo-with-text.svg
    </svg>
  </div>
</div>
`;
